nftset=/z80.joysonshops.ru/4#inet#fw4#vpn_domains
nftset=/z75.joysonshops.ru/4#inet#fw4#vpn_domains
nftset=/z77.joysonshops.ru/4#inet#fw4#vpn_domains
nftset=/z78.joysonshops.ru/4#inet#fw4#vpn_domains
nftset=/za4itaika.ru/4#inet#fw4#vpn_domains
nftset=/yuzhno-sahalinsk.artistsergey.ru/4#inet#fw4#vpn_domains
nftset=/za1.seriapad.club/4#inet#fw4#vpn_domains
nftset=/zagonkacm.tabfilm.sbs/4#inet#fw4#vpn_domains
nftset=/zaeihulqwer.biz/4#inet#fw4#vpn_domains
nftset=/z57.joysonshops.ru/4#inet#fw4#vpn_domains
nftset=/z59.joysonshops.ru/4#inet#fw4#vpn_domains
nftset=/z-okolica.ru/4#inet#fw4#vpn_domains
nftset=/zaebistv.net/4#inet#fw4#vpn_domains
nftset=/zabratbonus.com/4#inet#fw4#vpn_domains
nftset=/zaclienttest.cptinternational.com/4#inet#fw4#vpn_domains
nftset=/zadereyko.info/4#inet#fw4#vpn_domains
nftset=/zagonkacam1.coldfilm7.cam/4#inet#fw4#vpn_domains
nftset=/zakigio.info/4#inet#fw4#vpn_domains
nftset=/zaglazeyka.ru/4#inet#fw4#vpn_domains
nftset=/zagonkacm1.coldfilm7.cam/4#inet#fw4#vpn_domains
nftset=/zakaz.misterjoi.ru/4#inet#fw4#vpn_domains
nftset=/zaklad-klad.ru.gg/4#inet#fw4#vpn_domains
nftset=/zanoza-news.com/4#inet#fw4#vpn_domains
nftset=/zamoklordtreputin.online/4#inet#fw4#vpn_domains
nftset=/zap.juicy-go.website/4#inet#fw4#vpn_domains
nftset=/zamanbap.net/4#inet#fw4#vpn_domains
nftset=/zanellafitness.com.br/4#inet#fw4#vpn_domains
nftset=/zarabotayigraya.net/4#inet#fw4#vpn_domains
nftset=/zapdk.ru/4#inet#fw4#vpn_domains
nftset=/zaraz.pro/4#inet#fw4#vpn_domains
nftset=/zasekin.ru/4#inet#fw4#vpn_domains
nftset=/zarabotkablog.site/4#inet#fw4#vpn_domains
nftset=/zap.juicy-go.site/4#inet#fw4#vpn_domains
nftset=/zagonkasbs.tabfilm.sbs/4#inet#fw4#vpn_domains
nftset=/z4z-akf.ru/4#inet#fw4#vpn_domains
nftset=/zareba.ru/4#inet#fw4#vpn_domains
nftset=/zakura.ru/4#inet#fw4#vpn_domains
nftset=/zalupok.net/4#inet#fw4#vpn_domains
nftset=/zapretnyplod.ru/4#inet#fw4#vpn_domains
nftset=/zbroya.info/4#inet#fw4#vpn_domains
nftset=/zamnesia.fr/4#inet#fw4#vpn_domains
nftset=/zap.juicy-go.homes/4#inet#fw4#vpn_domains
nftset=/zedporn.com/4#inet#fw4#vpn_domains
nftset=/zazerkalie.megapeer.ru/4#inet#fw4#vpn_domains
nftset=/zavod-okna-veka.ru/4#inet#fw4#vpn_domains
nftset=/zahav.ru/4#inet#fw4#vpn_domains
nftset=/zee-tv.zfilm2000.site/4#inet#fw4#vpn_domains
nftset=/zend2.com/4#inet#fw4#vpn_domains
nftset=/zaprava.ru/4#inet#fw4#vpn_domains
nftset=/ze22rka22lo.megapeer.ru/4#inet#fw4#vpn_domains
nftset=/zefdsaff.megapeer.ru/4#inet#fw4#vpn_domains
nftset=/zenaqey.info/4#inet#fw4#vpn_domains
nftset=/zeit.de/4#inet#fw4#vpn_domains
nftset=/zdziarski.com/4#inet#fw4#vpn_domains
nftset=/zenporn.com/4#inet#fw4#vpn_domains
nftset=/zeonis.io/4#inet#fw4#vpn_domains
nftset=/zenmate.com/4#inet#fw4#vpn_domains
nftset=/zenvix.online/4#inet#fw4#vpn_domains
nftset=/zendesk.com/4#inet#fw4#vpn_domains
nftset=/zerkalo.club/4#inet#fw4#vpn_domains
nftset=/zello.com/4#inet#fw4#vpn_domains
nftset=/zercalo.megapeer.ru/4#inet#fw4#vpn_domains
nftset=/zerjalo1980.megapeer.ru/4#inet#fw4#vpn_domains
nftset=/zerkalo-leon18.site/4#inet#fw4#vpn_domains
nftset=/zerkalo-kra.cc/4#inet#fw4#vpn_domains
nftset=/zerka22wwlo.megapeer.ru/4#inet#fw4#vpn_domains
nftset=/zerkal.megapeer.ru/4#inet#fw4#vpn_domains
nftset=/zeppelinpanama.com/4#inet#fw4#vpn_domains
nftset=/zdravnica-spb.ru/4#inet#fw4#vpn_domains
nftset=/zerkalo.3.megapeer.ru/4#inet#fw4#vpn_domains
nftset=/zerkalo.lafa-torrent.ru/4#inet#fw4#vpn_domains
nftset=/zerkalo.megapeer.org.megapeer.ru/4#inet#fw4#vpn_domains
nftset=/zerkalo.68032.megapeer.ru/4#inet#fw4#vpn_domains
nftset=/zerkalo.megapeer.ru/4#inet#fw4#vpn_domains
nftset=/zerkalj.megapeer.ru/4#inet#fw4#vpn_domains
nftset=/zemla43.ru/4#inet#fw4#vpn_domains
nftset=/zerkalo.mptor.ru.megapeer.ru/4#inet#fw4#vpn_domains
nftset=/zerkalo292.megapeer.ru/4#inet#fw4#vpn_domains
nftset=/zenvix.net/4#inet#fw4#vpn_domains
nftset=/zetflix.world/4#inet#fw4#vpn_domains
nftset=/zerkaloallog.megapeer.ru/4#inet#fw4#vpn_domains
nftset=/zermexasset.org/4#inet#fw4#vpn_domains
nftset=/zetflix.space/4#inet#fw4#vpn_domains
nftset=/zerkalo33.megapeer.ru/4#inet#fw4#vpn_domains
nftset=/zetseria.online/4#inet#fw4#vpn_domains
nftset=/zetserialhd.online/4#inet#fw4#vpn_domains
nftset=/zerx.kz/4#inet#fw4#vpn_domains
nftset=/zendframework.ru/4#inet#fw4#vpn_domains
nftset=/zfiilm-hd.com/4#inet#fw4#vpn_domains
nftset=/zetflix.lord--film.net/4#inet#fw4#vpn_domains
nftset=/zfilm2000.site/4#inet#fw4#vpn_domains
nftset=/zfilm2014.site/4#inet#fw4#vpn_domains
nftset=/zet-serial.ru.net/4#inet#fw4#vpn_domains
nftset=/zfilm-ka1.xyz/4#inet#fw4#vpn_domains
nftset=/zetseries.online/4#inet#fw4#vpn_domains
nftset=/zfilm-hd-2466.online/4#inet#fw4#vpn_domains
nftset=/zet-serial.ru/4#inet#fw4#vpn_domains
nftset=/zfilm-0-hd.site/4#inet#fw4#vpn_domains
nftset=/zetserial-com.ru/4#inet#fw4#vpn_domains
nftset=/zfilm-hd-731.online/4#inet#fw4#vpn_domains
nftset=/zfilm-hd-2659.online/4#inet#fw4#vpn_domains
nftset=/zfilm-hd-2679.online/4#inet#fw4#vpn_domains
nftset=/zfilmka1.xyz/4#inet#fw4#vpn_domains
nftset=/zfilm-hd-1020.online/4#inet#fw4#vpn_domains
nftset=/zfilms.ucoz.net/4#inet#fw4#vpn_domains
nftset=/zhestko.xyz/4#inet#fw4#vpn_domains
nftset=/zirphora.com/4#inet#fw4#vpn_domains
nftset=/zigurinass.cyou/4#inet#fw4#vpn_domains
nftset=/zimorodok1.com/4#inet#fw4#vpn_domains
nftset=/zetflix.zfilm2000.site/4#inet#fw4#vpn_domains
nftset=/zion-finance.com/4#inet#fw4#vpn_domains
nftset=/zhbr180484.megapeer.ru/4#inet#fw4#vpn_domains
nftset=/zhuichaguoji.org/4#inet#fw4#vpn_domains
nftset=/zfilm-hd-1237.online/4#inet#fw4#vpn_domains
nftset=/zhuk.world/4#inet#fw4#vpn_domains
nftset=/zillact.io/4#inet#fw4#vpn_domains
nftset=/zl3.tabfilm.ru/4#inet#fw4#vpn_domains
nftset=/zhurnalov.ru/4#inet#fw4#vpn_domains
nftset=/zloekino.zfilm-hd-2659.online/4#inet#fw4#vpn_domains
nftset=/zkd.megapeer.ru/4#inet#fw4#vpn_domains
nftset=/zfilm-hd-3053.online/4#inet#fw4#vpn_domains
nftset=/zhainanbtcn.ws/4#inet#fw4#vpn_domains
nftset=/zip-code.ru/4#inet#fw4#vpn_domains
nftset=/zetserial.org.ru/4#inet#fw4#vpn_domains
nftset=/zloekino.su/4#inet#fw4#vpn_domains
nftset=/zhivotnyye.ru/4#inet#fw4#vpn_domains
nftset=/zmist.org/4#inet#fw4#vpn_domains
nftset=/zoloran.site/4#inet#fw4#vpn_domains
nftset=/zillion-project.com/4#inet#fw4#vpn_domains
nftset=/zmina.info/4#inet#fw4#vpn_domains
nftset=/zigguwords.com/4#inet#fw4#vpn_domains
nftset=/zl1.tabfilm.ru/4#inet#fw4#vpn_domains
nftset=/zhukovskiyriamo.ru/4#inet#fw4#vpn_domains
nftset=/zohomail.com/4#inet#fw4#vpn_domains
nftset=/zona.media/4#inet#fw4#vpn_domains
nftset=/znaktex.ru/4#inet#fw4#vpn_domains
nftset=/zlochiny.com/4#inet#fw4#vpn_domains
nftset=/zombie-film.live/4#inet#fw4#vpn_domains
nftset=/zona.zfilm2000.site/4#inet#fw4#vpn_domains
nftset=/zoneinnovations.click/4#inet#fw4#vpn_domains
nftset=/zonaserialov.online/4#inet#fw4#vpn_domains
nftset=/zonaserialov.site/4#inet#fw4#vpn_domains
nftset=/zigaretten-bestellen.net/4#inet#fw4#vpn_domains
nftset=/zoneinnovations.hair/4#inet#fw4#vpn_domains
nftset=/zoneinnovations.motorcycles/4#inet#fw4#vpn_domains
nftset=/zonaserialov.net/4#inet#fw4#vpn_domains
nftset=/zoneinnovations.cfd/4#inet#fw4#vpn_domains
nftset=/zoosuck.com/4#inet#fw4#vpn_domains
nftset=/zoneseason.net/4#inet#fw4#vpn_domains
nftset=/zl7.tabfilm.ru/4#inet#fw4#vpn_domains
nftset=/zone.megapeer.ru/4#inet#fw4#vpn_domains
nftset=/zloekino.ru/4#inet#fw4#vpn_domains
nftset=/zopim.juicy-go.store/4#inet#fw4#vpn_domains
nftset=/zopim.juicy-go.homes/4#inet#fw4#vpn_domains
nftset=/zpozoryakutii.blogspot.com/4#inet#fw4#vpn_domains
nftset=/zones.megapeer.ru/4#inet#fw4#vpn_domains
nftset=/zopim.juicy-go.website/4#inet#fw4#vpn_domains
nftset=/zimactile.com/4#inet#fw4#vpn_domains
nftset=/zs.lordfilm7.link/4#inet#fw4#vpn_domains
nftset=/zmir.ws/4#inet#fw4#vpn_domains
nftset=/zor.tiviha-tv.ru/4#inet#fw4#vpn_domains
nftset=/zoser.online/4#inet#fw4#vpn_domains
nftset=/zserial-hd.online/4#inet#fw4#vpn_domains
nftset=/zrelie.xyz/4#inet#fw4#vpn_domains
nftset=/zorrov.com/4#inet#fw4#vpn_domains
nftset=/zvukiknig.cc/4#inet#fw4#vpn_domains
nftset=/zvukiknig.net/4#inet#fw4#vpn_domains
nftset=/zooveta.ru/4#inet#fw4#vpn_domains
nftset=/zvzda.substack.com/4#inet#fw4#vpn_domains
nftset=/zvukoff.site/4#inet#fw4#vpn_domains
nftset=/zvukfm.club/4#inet#fw4#vpn_domains
nftset=/ztazy.megapeer.ru/4#inet#fw4#vpn_domains
nftset=/zvenddt.ru/4#inet#fw4#vpn_domains
nftset=/zz.filmhd-1080.cyou/4#inet#fw4#vpn_domains
nftset=/zz9tqraoftg6d0.live/4#inet#fw4#vpn_domains
nftset=/zzlvyz2v1qlvg0.live/4#inet#fw4#vpn_domains
nftset=/zw.hdgo.site/4#inet#fw4#vpn_domains
nftset=/7tv.app/4#inet#fw4#vpn_domains
nftset=/4pna.com/4#inet#fw4#vpn_domains
nftset=/7tv.io/4#inet#fw4#vpn_domains
nftset=/zzmo.ru/4#inet#fw4#vpn_domains
nftset=/adminforge.de/4#inet#fw4#vpn_domains
nftset=/ahrefs.com/4#inet#fw4#vpn_domains
nftset=/adultczechhardcore.com/4#inet#fw4#vpn_domains
nftset=/4freerussia.org/4#inet#fw4#vpn_domains
nftset=/ai.com/4#inet#fw4#vpn_domains
nftset=/api.service-kp.com/4#inet#fw4#vpn_domains
nftset=/amdm.ru/4#inet#fw4#vpn_domains
nftset=/amazfitwatchfaces.com/4#inet#fw4#vpn_domains
nftset=/annas-archive.org/4#inet#fw4#vpn_domains
nftset=/animego.org/4#inet#fw4#vpn_domains
nftset=/amedia.site/4#inet#fw4#vpn_domains
nftset=/arbat.media/4#inet#fw4#vpn_domains
nftset=/anthropic.com/4#inet#fw4#vpn_domains
nftset=/allgirlmassage.com/4#inet#fw4#vpn_domains
nftset=/animespirit.ru/4#inet#fw4#vpn_domains
nftset=/bihus.info/4#inet#fw4#vpn_domains
nftset=/attachments.f95zone.to/4#inet#fw4#vpn_domains
nftset=/bhf.ee/4#inet#fw4#vpn_domains
nftset=/blackseanews.net/4#inet#fw4#vpn_domains
nftset=/bitdefender.com/4#inet#fw4#vpn_domains
nftset=/att.com/4#inet#fw4#vpn_domains
nftset=/blinkshot.io/4#inet#fw4#vpn_domains
nftset=/coldfilm.xyz/4#inet#fw4#vpn_domains
nftset=/gfn.am/4#inet#fw4#vpn_domains
nftset=/gelbooru.com/4#inet#fw4#vpn_domains
nftset=/gamedistribution.com/4#inet#fw4#vpn_domains
nftset=/germania.one/4#inet#fw4#vpn_domains
nftset=/grafana.com/4#inet#fw4#vpn_domains
nftset=/groq.com/4#inet#fw4#vpn_domains
nftset=/glarysoft.com/4#inet#fw4#vpn_domains
nftset=/graylog.org/4#inet#fw4#vpn_domains
nftset=/hdrezka.me/4#inet#fw4#vpn_domains
nftset=/graty.me/4#inet#fw4#vpn_domains
nftset=/getoutline.com/4#inet#fw4#vpn_domains
nftset=/hackernoon.com/4#inet#fw4#vpn_domains
nftset=/geforcenow.com/4#inet#fw4#vpn_domains
nftset=/hentai-foundry.com/4#inet#fw4#vpn_domains
nftset=/holod.media/4#inet#fw4#vpn_domains
nftset=/guilded.gg/4#inet#fw4#vpn_domains
nftset=/groupon.com/4#inet#fw4#vpn_domains
nftset=/healthline.com/4#inet#fw4#vpn_domains
nftset=/gemini.google.com/4#inet#fw4#vpn_domains
nftset=/gpsonextra.net/4#inet#fw4#vpn_domains
nftset=/hornyleak.org/4#inet#fw4#vpn_domains
nftset=/hegre.com/4#inet#fw4#vpn_domains
nftset=/htmhell.dev/4#inet#fw4#vpn_domains
nftset=/halooglasi.com/4#inet#fw4#vpn_domains
nftset=/hotels.com/4#inet#fw4#vpn_domains
nftset=/hostinger.com/4#inet#fw4#vpn_domains
nftset=/ibm.com/4#inet#fw4#vpn_domains
nftset=/iconfinder.com/4#inet#fw4#vpn_domains
nftset=/kaktus.media/4#inet#fw4#vpn_domains
nftset=/kara.su/4#inet#fw4#vpn_domains
nftset=/intuitibits.com/4#inet#fw4#vpn_domains
nftset=/kinogo.la/4#inet#fw4#vpn_domains
nftset=/hashicorp.com/4#inet#fw4#vpn_domains
nftset=/lidarr.audio/4#inet#fw4#vpn_domains
nftset=/kinozal.guru/4#inet#fw4#vpn_domains
nftset=/lambdalabs.com/4#inet#fw4#vpn_domains
nftset=/lifehacker.com/4#inet#fw4#vpn_domains
nftset=/kamatera.com/4#inet#fw4#vpn_domains
nftset=/locals.md/4#inet#fw4#vpn_domains
nftset=/kinovod.net/4#inet#fw4#vpn_domains
nftset=/mignews.com/4#inet#fw4#vpn_domains
nftset=/mediazona.ca/4#inet#fw4#vpn_domains
nftset=/medicalnewstoday.com/4#inet#fw4#vpn_domains
nftset=/mongodb.com/4#inet#fw4#vpn_domains
nftset=/novaya.no/4#inet#fw4#vpn_domains
nftset=/novayagazeta.ru/4#inet#fw4#vpn_domains
nftset=/novaline.fm/4#inet#fw4#vpn_domains
nftset=/novayagazeta.eu/4#inet#fw4#vpn_domains
nftset=/ocstore.com/4#inet#fw4#vpn_domains
nftset=/nxp.com/4#inet#fw4#vpn_domains
nftset=/notion.new/4#inet#fw4#vpn_domains
nftset=/nudevista.com/4#inet#fw4#vpn_domains
nftset=/nflxvideo.net/4#inet#fw4#vpn_domains
nftset=/oi.legal/4#inet#fw4#vpn_domains
nftset=/okx.com/4#inet#fw4#vpn_domains
nftset=/platform.activestate.com/4#inet#fw4#vpn_domains
nftset=/notion.so/4#inet#fw4#vpn_domains
nftset=/notion.site/4#inet#fw4#vpn_domains
nftset=/pingdom.com/4#inet#fw4#vpn_domains
nftset=/playboy.com/4#inet#fw4#vpn_domains
nftset=/playboyplus.com/4#inet#fw4#vpn_domains
nftset=/twitteroauth.com/4#inet#fw4#vpn_domains
nftset=/statology.org/4#inet#fw4#vpn_domains
nftset=/twitterflightschool.com/4#inet#fw4#vpn_domains
nftset=/chat.qwen.ai/4#inet#fw4#vpn_domains
